// Jest Snapshot v1, https://goo.gl/fbAQLP

exports[`Home route render Home component 1`] = `ShallowWrapper {}`;
