// Jest Snapshot v1, https://goo.gl/fbAQLP

exports[`Root component renders without crashing 1`] = `ShallowWrapper {}`;
